wecha_id:ofg0Vweb1xyfiK893tIE8k8WY3io
wecha_id:ofg0Vweb1xyfiK893tIE8k8WY3io
wecha_id:ofg0Vweb1xyfiK893tIE8k8WY3io
wecha_id:ofg0Vweb1xyfiK893tIE8k8WY3io
nickname:
wecha_id:ofg0Vweb1xyfiK893tIE8k8WY3io
nickname:
wecha_id:ofg0Vweb1xyfiK893tIE8k8WY3io
nickname:
wecha_id:ofg0Vweb1xyfiK893tIE8k8WY3io
nickname:
wecha_id:ofg0Vweb1xyfiK893tIE8k8WY3io
nickname:
wecha_id:ofg0Vweb1xyfiK893tIE8k8WY3io
nickname:
wecha_id:ofg0Vweb1xyfiK893tIE8k8WY3io
nickname:
wecha_id:ofg0VwXd0EyDHOyu1smkoF6vSeQs
nickname:张忠
wecha_id:ofg0VwXd0EyDHOyu1smkoF6vSeQs
nickname:张忠
